Claude Usage 0.1.0 (build 7, 9b6620d)
ok    empty-limits-fallback
ok    empty-object (rejected)
ok    legacy-named
ok    limits-array
ok    unordered-naive-dates
